/Users/Aegis/Aegis/voice/output/batch_2025-08-09T22-52-53-100Z/sample_concise.mp3
/Users/Aegis/Aegis/voice/output/batch_2025-08-09T22-52-53-100Z/sample_energetic.mp3
/Users/Aegis/Aegis/voice/output/batch_2025-08-09T22-52-53-100Z/sample_friendly.mp3
/Users/Aegis/Aegis/voice/output/batch_2025-08-09T22-52-53-100Z/sample_neutral.mp3
/Users/Aegis/Aegis/voice/output/batch_2025-08-09T22-52-53-100Z/sample_reflective.mp3
/Users/Aegis/Aegis/voice/output/_smoke/el_test.mp3
/Users/Aegis/Aegis/voice/output/variation_tests/line_001/apologetic_sample.mp3
/Users/Aegis/Aegis/voice/output/variation_tests/line_001/assertive_sample.mp3
/Users/Aegis/Aegis/voice/output/variation_tests/line_001/bonding_sample.mp3
/Users/Aegis/Aegis/voice/output/variation_tests/line_001/charismatic_sample.mp3
/Users/Aegis/Aegis/voice/output/variation_tests/line_001/compassionate_sample.mp3
/Users/Aegis/Aegis/voice/output/variation_tests/line_001/confident_sample.mp3
/Users/Aegis/Aegis/voice/output/variation_tests/line_001/defensive_sample.mp3
/Users/Aegis/Aegis/voice/output/variation_tests/line_001/frustrated_sample.mp3
/Users/Aegis/Aegis/voice/output/variation_tests/line_001/humorous_sample.mp3
/Users/Aegis/Aegis/voice/output/variation_tests/line_001/neutral_sample.mp3
/Users/Aegis/Aegis/voice/output/variation_tests/line_001/reflective_sample.mp3
/Users/Aegis/Aegis/voice/output/variation_tests/line_001/sarcastic_sample.mp3
/Users/Aegis/Aegis/voice/output/variation_tests/line_001/technical_sample.mp3
/Users/Aegis/Aegis/voice/output/variation_tests/line_001/test_router.mp3
